#
# There is insufficient memory for the Java Runtime Environment to continue.
# Native memory allocation (malloc) failed to allocate 572544 bytes. Error detail: Chunk::new
# Possible reasons:
#   The system is out of physical RAM or swap space
#   This process is running with CompressedOops enabled, and the Java Heap may be blocking the growth of the native heap
# Possible solutions:
#   Reduce memory load on the system
#   Increase physical memory or swap space
#   Check if swap backing store is full
#   Decrease Java heap size (-Xmx/-Xms)
#   Decrease number of Java threads
#   Decrease Java thread stack sizes (-Xss)
#   Set larger code cache with -XX:ReservedCodeCacheSize=
#   JVM is running with Unscaled Compressed Oops mode in which the Java heap is
#     placed in the first 4GB address space. The Java Heap base address is the
#     maximum limit for the native heap growth. Please use -XX:HeapBaseMinAddress
#     to set the Java Heap base and to place the Java Heap above 4GB virtual address.
# This output file may be truncated or incomplete.
#
#  Out of Memory Error (arena.cpp:168), pid=3852, tid=11108
#
# JRE version: OpenJDK Runtime Environment Temurin-21.0.9+10 (21.0.9+10) (build 21.0.9+10-LTS)
# Java VM: OpenJDK 64-Bit Server VM Temurin-21.0.9+10 (21.0.9+10-LTS, mixed mode, sharing, tiered, compressed oops, compressed class ptrs, parallel gc, windows-amd64)
# No core dump will be written. Minidumps are not enabled by default on client versions of Windows
#

---------------  S U M M A R Y ------------

Command Line: --add-modules=ALL-SYSTEM --add-opens=java.base/java.util=ALL-UNNAMED --add-opens=java.base/java.lang=ALL-UNNAMED --add-opens=java.base/sun.nio.fs=ALL-UNNAMED -Declipse.application=org.eclipse.jdt.ls.core.id1 -Dosgi.bundles.defaultStartLevel=4 -Declipse.product=org.eclipse.jdt.ls.core.product -Djava.import.generatesMetadataFilesAtProjectRoot=false -DDetectVMInstallationsJob.disabled=true -Dfile.encoding=utf8 -XX:+UseParallelGC -XX:GCTimeRatio=4 -XX:AdaptiveSizePolicyWeight=90 -Dsun.zip.disableMemoryMapping=true -Xmx2G -Xms100m -Xlog:disable -javaagent:c:\Users\Owner\.antigravity\extensions\redhat.java-1.52.0-win32-x64\lombok\lombok-1.18.39-4050.jar -XX:+HeapDumpOnOutOfMemoryError -XX:HeapDumpPath=c:\Users\Owner\AppData\Roaming\Antigravity\User\workspaceStorage\c445e6ab04de568cb92dee2c77a9187f\redhat.java -Daether.dependencyCollector.impl=bf c:\Users\Owner\.antigravity\extensions\redhat.java-1.52.0-win32-x64\server\plugins\org.eclipse.equinox.launcher_1.7.100.v20251111-0406.jar -configuration c:\Users\Owner\AppData\Roaming\Antigravity\User\globalStorage\redhat.java\1.52.0\config_win -data c:\Users\Owner\AppData\Roaming\Antigravity\User\workspaceStorage\c445e6ab04de568cb92dee2c77a9187f\redhat.java\jdt_ws --pipe=\\.\pipe\lsp-cbf584bd22f15d85cbfe6177b5da738b-sock

Host: Intel(R) Core(TM) i7-8559U CPU @ 2.70GHz, 8 cores, 15G,  Windows 11 , 64 bit Build 26100 (10.0.26100.7705)
Time: Fri Feb 13 15:32:19 2026 New Zealand Summer Time elapsed time: 34.304008 seconds (0d 0h 0m 34s)

---------------  T H R E A D  ---------------

Current thread (0x00000192c636ccc0):  JavaThread "C2 CompilerThread0" daemon [_thread_in_native, id=11108, stack(0x0000001a7a400000,0x0000001a7a500000) (1024K)]


Current CompileTask:
C2:34304 4421       4       sun.util.locale.BaseLocale::getInstance (150 bytes)

Stack: [0x0000001a7a400000,0x0000001a7a500000]
Native frames: (J=compiled Java code, j=interpreted, Vv=VM code, C=native code)
V  [jvm.dll+0x6d6e29]
V  [jvm.dll+0x8b4b76]
V  [jvm.dll+0x8b712e]
V  [jvm.dll+0x8b7813]
V  [jvm.dll+0x283d86]
V  [jvm.dll+0xc66ed]
V  [jvm.dll+0xc6c31]
V  [jvm.dll+0x3be53b]
V  [jvm.dll+0x38ab92]
V  [jvm.dll+0x389fda]
V  [jvm.dll+0x24bfa0]
V  [jvm.dll+0x24b580]
V  [jvm.dll+0x1cb13e]
V  [jvm.dll+0x25b29d]
V  [jvm.dll+0x25982a]
V  [jvm.dll+0x3f7ea6]
V  [jvm.dll+0x85e9ad]
V  [jvm.dll+0x6d565d]
C  [ucrtbase.dll+0x37b0]
C  [KERNEL32.DLL+0x2e8d7]
C  [ntdll.dll+0x8c40c]


---------------  P R O C E S S  ---------------

Threads class SMR info:
_java_thread_list=0x000001930d60c060, length=24, elements={
0x00000192ad748130, 0x00000192add7bf00, 0x00000192add7dd30, 0x00000192c6357740,
0x00000192c6358190, 0x00000192c635f0d0, 0x00000192c6363120, 0x00000192c636ccc0,
0x00000192c636ed70, 0x000001930d290540, 0x000001930d26a830, 0x000001930da13180,
0x000001930d77b300, 0x000001930d77a9e0, 0x000001930dbf1910, 0x000001930d43c320,
0x000001930e449d30, 0x000001930e448980, 0x000001930e4496a0, 0x000001930e446f40,
0x000001930e4468b0, 0x000001930e449010, 0x000001930f002d70, 0x000001930e17df70
}

Java Threads: ( => current thread )
  0x00000192ad748130 JavaThread "main"                              [_thread_blocked, id=18148, stack(0x0000001a79a00000,0x0000001a79b00000) (1024K)]
  0x00000192add7bf00 JavaThread "Reference Handler"          daemon [_thread_blocked, id=29228, stack(0x0000001a79e00000,0x0000001a79f00000) (1024K)]
  0x00000192add7dd30 JavaThread "Finalizer"                  daemon [_thread_blocked, id=16868, stack(0x0000001a79f00000,0x0000001a7a000000) (1024K)]
  0x00000192c6357740 JavaThread "Signal Dispatcher"          daemon [_thread_blocked, id=1172, stack(0x0000001a7a000000,0x0000001a7a100000) (1024K)]
  0x00000192c6358190 JavaThread "Attach Listener"            daemon [_thread_blocked, id=5720, stack(0x0000001a7a100000,0x0000001a7a200000) (1024K)]
  0x00000192c635f0d0 JavaThread "Service Thread"             daemon [_thread_blocked, id=15816, stack(0x0000001a7a200000,0x0000001a7a300000) (1024K)]
  0x00000192c6363120 JavaThread "Monitor Deflation Thread"   daemon [_thread_blocked, id=24872, stack(0x0000001a7a300000,0x0000001a7a400000) (1024K)]
=>0x00000192c636ccc0 JavaThread "C2 CompilerThread0"         daemon [_thread_in_native, id=11108, stack(0x0000001a7a400000,0x0000001a7a500000) (1024K)]
  0x00000192c636ed70 JavaThread "C1 CompilerThread0"         daemon [_thread_blocked, id=27068, stack(0x0000001a7a500000,0x0000001a7a600000) (1024K)]
  0x000001930d290540 JavaThread "Common-Cleaner"             daemon [_thread_blocked, id=29532, stack(0x0000001a7a700000,0x0000001a7a800000) (1024K)]
  0x000001930d26a830 JavaThread "Notification Thread"        daemon [_thread_blocked, id=26916, stack(0x0000001a7a600000,0x0000001a7a700000) (1024K)]
  0x000001930da13180 JavaThread "Active Thread: Equinox Container: 3c1ce099-6a91-46f5-b608-ec423802c675"        [_thread_blocked, id=18632, stack(0x0000001a7b600000,0x0000001a7b700000) (1024K)]
  0x000001930d77b300 JavaThread "Framework Event Dispatcher: Equinox Container: 3c1ce099-6a91-46f5-b608-ec423802c675" daemon [_thread_blocked, id=33276, stack(0x0000001a7a800000,0x0000001a7a900000) (1024K)]
  0x000001930d77a9e0 JavaThread "Start Level: Equinox Container: 3c1ce099-6a91-46f5-b608-ec423802c675" daemon [_thread_blocked, id=26328, stack(0x0000001a7af00000,0x0000001a7b000000) (1024K)]
  0x000001930dbf1910 JavaThread "Bundle File Closer"         daemon [_thread_blocked, id=18964, stack(0x0000001a7b200000,0x0000001a7b300000) (1024K)]
  0x000001930d43c320 JavaThread "Refresh Thread: Equinox Container: 3c1ce099-6a91-46f5-b608-ec423802c675" daemon [_thread_blocked, id=30184, stack(0x0000001a7b000000,0x0000001a7b100000) (1024K)]
  0x000001930e449d30 JavaThread "SCR Component Actor"        daemon [_thread_blocked, id=26884, stack(0x0000001a7b400000,0x0000001a7b500000) (1024K)]
  0x000001930e448980 JavaThread "Worker-JM"                         [_thread_blocked, id=14312, stack(0x0000001a7b700000,0x0000001a7b800000) (1024K)]
  0x000001930e4496a0 JavaThread "Worker-0: Updating Maven Dependencies"        [_thread_blocked, id=32780, stack(0x0000001a7b800000,0x0000001a7b900000) (1024K)]
  0x000001930e446f40 JavaThread "Worker-1: Repository registry initialization"        [_thread_blocked, id=29064, stack(0x0000001a7b900000,0x0000001a7ba00000) (1024K)]
  0x000001930e4468b0 JavaThread "Worker-2"                          [_thread_blocked, id=16816, stack(0x0000001a7b300000,0x0000001a7b400000) (1024K)]
  0x000001930e449010 JavaThread "Worker-3"                          [_thread_blocked, id=8452, stack(0x0000001a7b500000,0x0000001a7b600000) (1024K)]
  0x000001930f002d70 JavaThread "C2 CompilerThread1"         daemon [_thread_in_native, id=22560, stack(0x0000001a7ba00000,0x0000001a7bb00000) (1024K)]
  0x000001930e17df70 JavaThread "C2 CompilerThread2"         daemon [_thread_in_native, id=14520, stack(0x0000001a7bb00000,0x0000001a7bc00000) (1024K)]
Total: 24

Other Threads:
  0x00000192add60ce0 VMThread "VM Thread"                           [id=17064, stack(0x0000001a79d00000,0x0000001a79e00000) (1024K)]
  0x00000192c626ca00 WatcherThread "VM Periodic Task Thread"        [id=22628, stack(0x0000001a79c00000,0x0000001a79d00000) (1024K)]
  0x00000192adcdc440 WorkerThread "GC Thread#0"                     [id=30428, stack(0x0000001a79b00000,0x0000001a79c00000) (1024K)]
  0x000001930d4f3f80 WorkerThread "GC Thread#1"                     [id=10560, stack(0x0000001a7a900000,0x0000001a7aa00000) (1024K)]
  0x000001930d76c2a0 WorkerThread "GC Thread#2"                     [id=26572, stack(0x0000001a7aa00000,0x0000001a7ab00000) (1024K)]
  0x000001930d4f4320 WorkerThread "GC Thread#3"                     [id=21012, stack(0x0000001a7ab00000,0x0000001a7ac00000) (1024K)]
  0x000001930d4f46c0 WorkerThread "GC Thread#4"                     [id=10776, stack(0x0000001a7ac00000,0x0000001a7ad00000) (1024K)]
  0x000001930d4f4a60 WorkerThread "GC Thread#5"                     [id=16744, stack(0x0000001a7ad00000,0x0000001a7ae00000) (1024K)]
  0x000001930d3a0c40 WorkerThread "GC Thread#6"                     [id=25920, stack(0x0000001a7ae00000,0x0000001a7af00000) (1024K)]
  0x000001930da4e920 WorkerThread "GC Thread#7"                     [id=17600, stack(0x0000001a7b100000,0x0000001a7b200000) (1024K)]
Total: 10

Threads with active compile tasks:
C2 CompilerThread0  40049 4421       4       sun.util.locale.BaseLocale::getInstance (150 bytes)
C1 CompilerThread0  40049 4631       3       java.util.concurrent.locks.ReentrantLock::isHeldByCurrentThread (8 bytes)
C2 CompilerThread1  40049 4489   !   4       org.eclipse.osgi.internal.loader.classpath.ClasspathManager::findClassImpl (328 bytes)
C2 CompilerThread2  40050 4596       4       org.eclipse.osgi.container.ModuleDatabase$Persistence::writeString (99 bytes)
Total: 4

VM state: not at safepoint (normal execution)

VM Mutex/Monitor currently owned by a thread: None

OutOfMemory and StackOverflow Exception counts:
OutOfMemoryError java_heap_errors=1
LinkageErrors=73

Heap address: 0x0000000080000000, size: 2048 MB, Compressed Oops mode: 32-bit

CDS archive(s) mapped at: [0x00000192c7000000-0x00000192c7ba0000-0x00000192c7ba0000), size 12189696, SharedBaseAddress: 0x00000192c7000000, ArchiveRelocationMode: 1.
Compressed class space mapped at: 0x00000192c8000000-0x0000019308000000, reserved size: 1073741824
Narrow klass base: 0x00000192c7000000, Narrow klass shift: 0, Narrow klass range: 0x100000000

GC Precious Log:
 CardTable entry size: 512
 CPUs: 8 total, 8 available
 Memory: 16247M
 Large Page Support: Disabled
 NUMA Support: Disabled
 Compressed Oops: Enabled (32-bit)
 Alignments: Space 512K, Generation 512K, Heap 2M
 Heap Min Capacity: 100M
 Heap Initial Capacity: 100M
 Heap Max Capacity: 2G
 Pre-touch: Disabled
 Parallel Workers: 8

Heap:
 PSYoungGen      total 23552K, used 1630K [0x00000000d5580000, 0x00000000d7100000, 0x0000000100000000)
  eden space 22016K, 2% used [0x00000000d5580000,0x00000000d55f78a0,0x00000000d6b00000)
  from space 1536K, 75% used [0x00000000d6f80000,0x00000000d70a0000,0x00000000d7100000)
  to   space 1536K, 0% used [0x00000000d6e00000,0x00000000d6e00000,0x00000000d6f80000)
 ParOldGen       total 68608K, used 14940K [0x0000000080000000, 0x0000000084300000, 0x00000000d5580000)
  object space 68608K, 21% used [0x0000000080000000,0x0000000080e972f8,0x0000000084300000)
 Metaspace       used 27182K, committed 28032K, reserved 1114112K
  class space    used 2697K, committed 3072K, reserved 1048576K

Card table byte_map: [0x00000192c16d0000,0x00000192c1ae0000] _byte_map_base: 0x00000192c12d0000

Marking Bits: (ParMarkBitMap*) 0x00007fff3f862460
 Begin Bits: [0x00000192c1d90000, 0x00000192c3d90000)
 End Bits:   [0x00000192c3d90000, 0x00000192c5d90000)

Polling page: 0x00000192add80000

Metaspace:

Usage:
  Non-class:     24.26 MB used.
      Class:      2.70 MB used.
       Both:     26.97 MB used.

Virtual space:
  Non-class space:       64.00 MB reserved,      24.75 MB ( 39%) committed,  1 nodes.
      Class space:        1.00 GB reserved,       3.06 MB ( <1%) committed,  1 nodes.
             Both:        1.06 GB reserved,      27.81 MB (  3%) committed. 

Chunk freelists:
   Non-Class:  7.23 MB
       Class:  12.83 MB
        Both:  20.06 MB

MaxMetaspaceSize: unlimited
CompressedClassSpaceSize: 1.00 GB
Initial GC threshold: 21.00 MB
Current GC threshold: 35.00 MB
CDS: on
 - commit_granule_bytes: 65536.
 - commit_granule_words: 8192.
 - virtual_space_node_default_size: 8388608.
 - enlarge_chunks_in_place: 1.
 - use_allocation_guard: 0.


Internal statistics:

num_allocs_failed_limit: 3.
num_arena_births: 670.
num_arena_deaths: 14.
num_vsnodes_births: 2.
num_vsnodes_deaths: 0.
num_space_committed: 446.
num_space_uncommitted: 0.
num_chunks_returned_to_freelist: 17.
num_chunks_taken_from_freelist: 1765.
num_chunk_merges: 7.
num_chunk_splits: 1146.
num_chunks_enlarged: 723.
num_inconsistent_stats: 0.

CodeHeap 'non-profiled nmethods': size=120000Kb used=2425Kb max_used=2425Kb free=117574Kb
 bounds [0x00000192b9fc0000, 0x00000192ba230000, 0x00000192c14f0000]
CodeHeap 'profiled nmethods': size=120000Kb used=9996Kb max_used=9996Kb free=110003Kb
 bounds [0x00000192b24f0000, 0x00000192b2ec0000, 0x00000192b9a20000]
CodeHeap 'non-nmethods': size=5760Kb used=1326Kb max_used=1350Kb free=4433Kb
 bounds [0x00000192b9a20000, 0x00000192b9c90000, 0x00000192b9fc0000]
CodeCache: size=245760Kb, used=13747Kb, max_used=13771Kb, free=232010Kb
 total_blobs=5246, nmethods=4632, adapters=520, full_count=0
Compilation: enabled, stopped_count=0, restarted_count=0

Compilation events (20 events):
Event: 32.097 Thread 0x000001930f002d70 nmethod 4483 0x00000192ba20a910 code [0x00000192ba20aaa0, 0x00000192ba20ac08]
Event: 32.097 Thread 0x000001930f002d70 4479       4       java.lang.Character::isHighSurrogate (18 bytes)
Event: 32.098 Thread 0x000001930f002d70 nmethod 4479 0x00000192ba20ad10 code [0x00000192ba20aea0, 0x00000192ba20af30]
Event: 32.098 Thread 0x00000192c636ed70 4484       3       java.util.HashSet::size (8 bytes)
Event: 32.098 Thread 0x000001930f002d70 4460       4       java.lang.String::substring (10 bytes)
Event: 32.098 Thread 0x00000192c636ed70 nmethod 4484 0x00000192b2e4c090 code [0x00000192b2e4c220, 0x00000192b2e4c3d0]
Event: 32.101 Thread 0x00000192c636ed70 4485       3       java.util.stream.ReduceOps$3ReducingSink::accept (15 bytes)
Event: 32.102 Thread 0x00000192c636ed70 nmethod 4485 0x00000192b2e4c490 code [0x00000192b2e4c640, 0x00000192b2e4c828]
Event: 32.104 Thread 0x000001930f002d70 nmethod 4460 0x00000192ba20b010 code [0x00000192ba20b1c0, 0x00000192ba20b6b8]
Event: 32.104 Thread 0x000001930f002d70 4467       4       org.eclipse.core.internal.preferences.EclipsePreferences::checkRemoved (26 bytes)
Event: 32.105 Thread 0x000001930f002d70 nmethod 4467 0x00000192ba20b990 code [0x00000192ba20bb20, 0x00000192ba20bbd0]
Event: 32.113 Thread 0x000001930f002d70 4486       4       java.util.HashMap::getOrDefault (19 bytes)
Event: 32.114 Thread 0x00000192c636ed70 4487       1       java.net.URI::getRawPath (5 bytes)
Event: 32.114 Thread 0x00000192c636ed70 nmethod 4487 0x00000192ba20bc90 code [0x00000192ba20be20, 0x00000192ba20bee8]
Event: 32.114 Thread 0x00000192c636ed70 4488       1       java.net.URI::getPort (5 bytes)
Event: 32.114 Thread 0x00000192c636ed70 nmethod 4488 0x00000192ba20bf90 code [0x00000192ba20c120, 0x00000192ba20c1e8]
Event: 32.119 Thread 0x000001930f002d70 nmethod 4486 0x00000192ba20c290 code [0x00000192ba20c440, 0x00000192ba20c798]
Event: 32.123 Thread 0x000001930f002d70 4489   !   4       org.eclipse.osgi.internal.loader.classpath.ClasspathManager::findClassImpl (328 bytes)
Event: 32.747 Thread 0x00000192c636ed70 4491       1       org.eclipse.osgi.internal.location.BasicLocation::isReadOnly (5 bytes)
Event: 32.747 Thread 0x00000192c636ed70 nmethod 4491 0x00000192ba20ca10 code [0x00000192ba20cba0, 0x00000192ba20cc70]

GC Heap History (20 events):
Event: 14.144 GC heap before
{Heap before GC invocations=3 (full 0):
 PSYoungGen      total 29696K, used 29678K [0x00000000d5580000, 0x00000000d7680000, 0x0000000100000000)
  eden space 25600K, 100% used [0x00000000d5580000,0x00000000d6e80000,0x00000000d6e80000)
  from space 4096K, 99% used [0x00000000d7280000,0x00000000d767ba30,0x00000000d7680000)
  to   space 4096K, 0% used [0x00000000d6e80000,0x00000000d6e80000,0x00000000d7280000)
 ParOldGen       total 68608K, used 120K [0x0000000080000000, 0x0000000084300000, 0x00000000d5580000)
  object space 68608K, 0% used [0x0000000080000000,0x000000008001e000,0x0000000084300000)
 Metaspace       used 8737K, committed 9088K, reserved 1114112K
  class space    used 915K, committed 1088K, reserved 1048576K
}
Event: 14.151 GC heap after
{Heap after GC invocations=3 (full 0):
 PSYoungGen      total 29696K, used 4083K [0x00000000d5580000, 0x00000000d7680000, 0x0000000100000000)
  eden space 25600K, 0% used [0x00000000d5580000,0x00000000d5580000,0x00000000d6e80000)
  from space 4096K, 99% used [0x00000000d6e80000,0x00000000d727cdb0,0x00000000d7280000)
  to   space 4096K, 0% used [0x00000000d7280000,0x00000000d7280000,0x00000000d7680000)
 ParOldGen       total 68608K, used 4272K [0x0000000080000000, 0x0000000084300000, 0x00000000d5580000)
  object space 68608K, 6% used [0x0000000080000000,0x000000008042c390,0x0000000084300000)
 Metaspace       used 8737K, committed 9088K, reserved 1114112K
  class space    used 915K, committed 1088K, reserved 1048576K
}
Event: 14.643 GC heap before
{Heap before GC invocations=4 (full 0):
 PSYoungGen      total 29696K, used 29683K [0x00000000d5580000, 0x00000000d7680000, 0x0000000100000000)
  eden space 25600K, 100% used [0x00000000d5580000,0x00000000d6e80000,0x00000000d6e80000)
  from space 4096K, 99% used [0x00000000d6e80000,0x00000000d727cdb0,0x00000000d7280000)
  to   space 4096K, 0% used [0x00000000d7280000,0x00000000d7280000,0x00000000d7680000)
 ParOldGen       total 68608K, used 4272K [0x0000000080000000, 0x0000000084300000, 0x00000000d5580000)
  object space 68608K, 6% used [0x0000000080000000,0x000000008042c390,0x0000000084300000)
 Metaspace       used 10126K, committed 10432K, reserved 1114112K
  class space    used 1056K, committed 1152K, reserved 1048576K
}
Event: 14.651 GC heap after
{Heap after GC invocations=4 (full 0):
 PSYoungGen      total 29696K, used 4064K [0x00000000d5580000, 0x00000000d7680000, 0x0000000100000000)
  eden space 25600K, 0% used [0x00000000d5580000,0x00000000d5580000,0x00000000d6e80000)
  from space 4096K, 99% used [0x00000000d7280000,0x00000000d76782d0,0x00000000d7680000)
  to   space 4096K, 0% used [0x00000000d6e80000,0x00000000d6e80000,0x00000000d7280000)
 ParOldGen       total 68608K, used 6442K [0x0000000080000000, 0x0000000084300000, 0x00000000d5580000)
  object space 68608K, 9% used [0x0000000080000000,0x000000008064a9a8,0x0000000084300000)
 Metaspace       used 10126K, committed 10432K, reserved 1114112K
  class space    used 1056K, committed 1152K, reserved 1048576K
}
Event: 24.859 GC heap before
{Heap before GC invocations=5 (full 0):
 PSYoungGen      total 29696K, used 29664K [0x00000000d5580000, 0x00000000d7680000, 0x0000000100000000)
  eden space 25600K, 100% used [0x00000000d5580000,0x00000000d6e80000,0x00000000d6e80000)
  from space 4096K, 99% used [0x00000000d7280000,0x00000000d76782d0,0x00000000d7680000)
  to   space 4096K, 0% used [0x00000000d6e80000,0x00000000d6e80000,0x00000000d7280000)
 ParOldGen       total 68608K, used 6442K [0x0000000080000000, 0x0000000084300000, 0x00000000d5580000)
  object space 68608K, 9% used [0x0000000080000000,0x000000008064a9a8,0x0000000084300000)
 Metaspace       used 10737K, committed 11008K, reserved 1114112K
  class space    used 1102K, committed 1216K, reserved 1048576K
}
Event: 24.864 GC heap after
{Heap after GC invocations=5 (full 0):
 PSYoungGen      total 29184K, used 4070K [0x00000000d5580000, 0x00000000d7900000, 0x0000000100000000)
  eden space 25088K, 0% used [0x00000000d5580000,0x00000000d5580000,0x00000000d6e00000)
  from space 4096K, 99% used [0x00000000d6e80000,0x00000000d7279998,0x00000000d7280000)
  to   space 5632K, 0% used [0x00000000d7380000,0x00000000d7380000,0x00000000d7900000)
 ParOldGen       total 68608K, used 6698K [0x0000000080000000, 0x0000000084300000, 0x00000000d5580000)
  object space 68608K, 9% used [0x0000000080000000,0x000000008068ab90,0x0000000084300000)
 Metaspace       used 10737K, committed 11008K, reserved 1114112K
  class space    used 1102K, committed 1216K, reserved 1048576K
}
Event: 25.449 GC heap before
{Heap before GC invocations=6 (full 0):
 PSYoungGen      total 29184K, used 29158K [0x00000000d5580000, 0x00000000d7900000, 0x0000000100000000)
  eden space 25088K, 100% used [0x00000000d5580000,0x00000000d6e00000,0x00000000d6e00000)
  from space 4096K, 99% used [0x00000000d6e80000,0x00000000d7279998,0x00000000d7280000)
  to   space 5632K, 0% used [0x00000000d7380000,0x00000000d7380000,0x00000000d7900000)
 ParOldGen       total 68608K, used 6698K [0x0000000080000000, 0x0000000084300000, 0x00000000d5580000)
  object space 68608K, 9% used [0x0000000080000000,0x000000008068ab90,0x0000000084300000)
 Metaspace       used 14183K, committed 14656K, reserved 1114112K
  class space    used 1452K, committed 1664K, reserved 1048576K
}
Event: 25.456 GC heap after
{Heap after GC invocations=6 (full 0):
 PSYoungGen      total 30208K, used 5550K [0x00000000d5580000, 0x00000000d7980000, 0x0000000100000000)
  eden space 24576K, 0% used [0x00000000d5580000,0x00000000d5580000,0x00000000d6d80000)
  from space 5632K, 98% used [0x00000000d7380000,0x00000000d78eb990,0x00000000d7900000)
  to   space 6144K, 0% used [0x00000000d6d80000,0x00000000d6d80000,0x00000000d7380000)
 ParOldGen       total 68608K, used 6770K [0x0000000080000000, 0x0000000084300000, 0x00000000d5580000)
  object space 68608K, 9% used [0x0000000080000000,0x000000008069cba0,0x0000000084300000)
 Metaspace       used 14183K, committed 14656K, reserved 1114112K
  class space    used 1452K, committed 1664K, reserved 1048576K
}
Event: 25.949 GC heap before
{Heap before GC invocations=7 (full 0):
 PSYoungGen      total 30208K, used 30126K [0x00000000d5580000, 0x00000000d7980000, 0x0000000100000000)
  eden space 24576K, 100% used [0x00000000d5580000,0x00000000d6d80000,0x00000000d6d80000)
  from space 5632K, 98% used [0x00000000d7380000,0x00000000d78eb990,0x00000000d7900000)
  to   space 6144K, 0% used [0x00000000d6d80000,0x00000000d6d80000,0x00000000d7380000)
 ParOldGen       total 68608K, used 6770K [0x0000000080000000, 0x0000000084300000, 0x00000000d5580000)
  object space 68608K, 9% used [0x0000000080000000,0x000000008069cba0,0x0000000084300000)
 Metaspace       used 17626K, committed 18304K, reserved 1114112K
  class space    used 1815K, committed 2112K, reserved 1048576K
}
Event: 25.955 GC heap after
{Heap after GC invocations=7 (full 0):
 PSYoungGen      total 29696K, used 5388K [0x00000000d5580000, 0x00000000d7800000, 0x0000000100000000)
  eden space 24064K, 0% used [0x00000000d5580000,0x00000000d5580000,0x00000000d6d00000)
  from space 5632K, 95% used [0x00000000d6d80000,0x00000000d72c3308,0x00000000d7300000)
  to   space 5120K, 0% used [0x00000000d7300000,0x00000000d7300000,0x00000000d7800000)
 ParOldGen       total 68608K, used 8115K [0x0000000080000000, 0x0000000084300000, 0x00000000d5580000)
  object space 68608K, 11% used [0x0000000080000000,0x00000000807ecc98,0x0000000084300000)
 Metaspace       used 17626K, committed 18304K, reserved 1114112K
  class space    used 1815K, committed 2112K, reserved 1048576K
}
Event: 29.490 GC heap before
{Heap before GC invocations=8 (full 0):
 PSYoungGen      total 29696K, used 29452K [0x00000000d5580000, 0x00000000d7800000, 0x0000000100000000)
  eden space 24064K, 100% used [0x00000000d5580000,0x00000000d6d00000,0x00000000d6d00000)
  from space 5632K, 95% used [0x00000000d6d80000,0x00000000d72c3308,0x00000000d7300000)
  to   space 5120K, 0% used [0x00000000d7300000,0x00000000d7300000,0x00000000d7800000)
 ParOldGen       total 68608K, used 8115K [0x0000000080000000, 0x0000000084300000, 0x00000000d5580000)
  object space 68608K, 11% used [0x0000000080000000,0x00000000807ecc98,0x0000000084300000)
 Metaspace       used 19762K, committed 20544K, reserved 1114112K
  class space    used 2053K, committed 2368K, reserved 1048576K
}
Event: 29.494 GC heap after
{Heap after GC invocations=8 (full 0):
 PSYoungGen      total 28672K, used 5026K [0x00000000d5580000, 0x00000000d7800000, 0x0000000100000000)
  eden space 23552K, 0% used [0x00000000d5580000,0x00000000d5580000,0x00000000d6c80000)
  from space 5120K, 98% used [0x00000000d7300000,0x00000000d77e8b88,0x00000000d7800000)
  to   space 5632K, 0% used [0x00000000d6d00000,0x00000000d6d00000,0x00000000d7280000)
 ParOldGen       total 68608K, used 8776K [0x0000000080000000, 0x0000000084300000, 0x00000000d5580000)
  object space 68608K, 12% used [0x0000000080000000,0x0000000080892028,0x0000000084300000)
 Metaspace       used 19762K, committed 20544K, reserved 1114112K
  class space    used 2053K, committed 2368K, reserved 1048576K
}
Event: 29.596 GC heap before
{Heap before GC invocations=9 (full 0):
 PSYoungGen      total 28672K, used 10868K [0x00000000d5580000, 0x00000000d7800000, 0x0000000100000000)
  eden space 23552K, 24% used [0x00000000d5580000,0x00000000d5b345a8,0x00000000d6c80000)
  from space 5120K, 98% used [0x00000000d7300000,0x00000000d77e8b88,0x00000000d7800000)
  to   space 5632K, 0% used [0x00000000d6d00000,0x00000000d6d00000,0x00000000d7280000)
 ParOldGen       total 68608K, used 8776K [0x0000000080000000, 0x0000000084300000, 0x00000000d5580000)
  object space 68608K, 12% used [0x0000000080000000,0x0000000080892028,0x0000000084300000)
 Metaspace       used 20739K, committed 21504K, reserved 1114112K
  class space    used 2129K, committed 2496K, reserved 1048576K
}
Event: 29.600 GC heap after
{Heap after GC invocations=9 (full 0):
 PSYoungGen      total 27136K, used 3392K [0x00000000d5580000, 0x00000000d7480000, 0x0000000100000000)
  eden space 23552K, 0% used [0x00000000d5580000,0x00000000d5580000,0x00000000d6c80000)
  from space 3584K, 94% used [0x00000000d6d00000,0x00000000d70501c0,0x00000000d7080000)
  to   space 4096K, 0% used [0x00000000d7080000,0x00000000d7080000,0x00000000d7480000)
 ParOldGen       total 68608K, used 10878K [0x0000000080000000, 0x0000000084300000, 0x00000000d5580000)
  object space 68608K, 15% used [0x0000000080000000,0x0000000080a9fba8,0x0000000084300000)
 Metaspace       used 20739K, committed 21504K, reserved 1114112K
  class space    used 2129K, committed 2496K, reserved 1048576K
}
Event: 29.600 GC heap before
{Heap before GC invocations=10 (full 1):
 PSYoungGen      total 27136K, used 3392K [0x00000000d5580000, 0x00000000d7480000, 0x0000000100000000)
  eden space 23552K, 0% used [0x00000000d5580000,0x00000000d5580000,0x00000000d6c80000)
  from space 3584K, 94% used [0x00000000d6d00000,0x00000000d70501c0,0x00000000d7080000)
  to   space 4096K, 0% used [0x00000000d7080000,0x00000000d7080000,0x00000000d7480000)
 ParOldGen       total 68608K, used 10878K [0x0000000080000000, 0x0000000084300000, 0x00000000d5580000)
  object space 68608K, 15% used [0x0000000080000000,0x0000000080a9fba8,0x0000000084300000)
 Metaspace       used 20739K, committed 21504K, reserved 1114112K
  class space    used 2129K, committed 2496K, reserved 1048576K
}
Event: 29.640 GC heap after
{Heap after GC invocations=10 (full 1):
 PSYoungGen      total 27136K, used 0K [0x00000000d5580000, 0x00000000d7480000, 0x0000000100000000)
  eden space 23552K, 0% used [0x00000000d5580000,0x00000000d5580000,0x00000000d6c80000)
  from space 3584K, 0% used [0x00000000d6d00000,0x00000000d6d00000,0x00000000d7080000)
  to   space 4096K, 0% used [0x00000000d7080000,0x00000000d7080000,0x00000000d7480000)
 ParOldGen       total 68608K, used 12835K [0x0000000080000000, 0x0000000084300000, 0x00000000d5580000)
  object space 68608K, 18% used [0x0000000080000000,0x0000000080c88e48,0x0000000084300000)
 Metaspace       used 20726K, committed 21504K, reserved 1114112K
  class space    used 2125K, committed 2496K, reserved 1048576K
}
Event: 29.913 GC heap before
{Heap before GC invocations=11 (full 1):
 PSYoungGen      total 27136K, used 23552K [0x00000000d5580000, 0x00000000d7480000, 0x0000000100000000)
  eden space 23552K, 100% used [0x00000000d5580000,0x00000000d6c80000,0x00000000d6c80000)
  from space 3584K, 0% used [0x00000000d6d00000,0x00000000d6d00000,0x00000000d7080000)
  to   space 4096K, 0% used [0x00000000d7080000,0x00000000d7080000,0x00000000d7480000)
 ParOldGen       total 68608K, used 12835K [0x0000000080000000, 0x0000000084300000, 0x00000000d5580000)
  object space 68608K, 18% used [0x0000000080000000,0x0000000080c88e48,0x0000000084300000)
 Metaspace       used 23098K, committed 23872K, reserved 1114112K
  class space    used 2276K, committed 2624K, reserved 1048576K
}
Event: 29.914 GC heap after
{Heap after GC invocations=11 (full 1):
 PSYoungGen      total 23552K, used 256K [0x00000000d5580000, 0x00000000d7100000, 0x0000000100000000)
  eden space 23040K, 0% used [0x00000000d5580000,0x00000000d5580000,0x00000000d6c00000)
  from space 512K, 50% used [0x00000000d7080000,0x00000000d70c0000,0x00000000d7100000)
  to   space 1536K, 0% used [0x00000000d6e00000,0x00000000d6e00000,0x00000000d6f80000)
 ParOldGen       total 68608K, used 12835K [0x0000000080000000, 0x0000000084300000, 0x00000000d5580000)
  object space 68608K, 18% used [0x0000000080000000,0x0000000080c88e48,0x0000000084300000)
 Metaspace       used 23098K, committed 23872K, reserved 1114112K
  class space    used 2276K, committed 2624K, reserved 1048576K
}
Event: 32.075 GC heap before
{Heap before GC invocations=12 (full 1):
 PSYoungGen      total 23552K, used 23296K [0x00000000d5580000, 0x00000000d7100000, 0x0000000100000000)
  eden space 23040K, 100% used [0x00000000d5580000,0x00000000d6c00000,0x00000000d6c00000)
  from space 512K, 50% used [0x00000000d7080000,0x00000000d70c0000,0x00000000d7100000)
  to   space 1536K, 0% used [0x00000000d6e00000,0x00000000d6e00000,0x00000000d6f80000)
 ParOldGen       total 68608K, used 12835K [0x0000000080000000, 0x0000000084300000, 0x00000000d5580000)
  object space 68608K, 18% used [0x0000000080000000,0x0000000080c88e48,0x0000000084300000)
 Metaspace       used 24982K, committed 25856K, reserved 1114112K
  class space    used 2452K, committed 2816K, reserved 1048576K
}
Event: 32.077 GC heap after
{Heap after GC invocations=12 (full 1):
 PSYoungGen      total 24064K, used 1489K [0x00000000d5580000, 0x00000000d7100000, 0x0000000100000000)
  eden space 22528K, 0% used [0x00000000d5580000,0x00000000d5580000,0x00000000d6b80000)
  from space 1536K, 96% used [0x00000000d6e00000,0x00000000d6f74658,0x00000000d6f80000)
  to   space 1536K, 0% used [0x00000000d6f80000,0x00000000d6f80000,0x00000000d7100000)
 ParOldGen       total 68608K, used 13709K [0x0000000080000000, 0x0000000084300000, 0x00000000d5580000)
  object space 68608K, 19% used [0x0000000080000000,0x0000000080d63440,0x0000000084300000)
 Metaspace       used 24982K, committed 25856K, reserved 1114112K
  class space    used 2452K, committed 2816K, reserved 1048576K
}

Dll operation events (11 events):
Event: 0.184 Loaded shared library c:\Users\Owner\.antigravity\extensions\redhat.java-1.52.0-win32-x64\jre\21.0.9-win32-x86_64\bin\java.dll
Event: 0.372 Loaded shared library c:\Users\Owner\.antigravity\extensions\redhat.java-1.52.0-win32-x64\jre\21.0.9-win32-x86_64\bin\zip.dll
Event: 0.409 Loaded shared library C:\Users\Owner\.antigravity\extensions\redhat.java-1.52.0-win32-x64\jre\21.0.9-win32-x86_64\bin\instrument.dll
Event: 0.467 Loaded shared library C:\Users\Owner\.antigravity\extensions\redhat.java-1.52.0-win32-x64\jre\21.0.9-win32-x86_64\bin\net.dll
Event: 0.533 Loaded shared library C:\Users\Owner\.antigravity\extensions\redhat.java-1.52.0-win32-x64\jre\21.0.9-win32-x86_64\bin\nio.dll
Event: 0.541 Loaded shared library C:\Users\Owner\.antigravity\extensions\redhat.java-1.52.0-win32-x64\jre\21.0.9-win32-x86_64\bin\zip.dll
Event: 0.565 Loaded shared library C:\Users\Owner\.antigravity\extensions\redhat.java-1.52.0-win32-x64\jre\21.0.9-win32-x86_64\bin\jimage.dll
Event: 0.779 Loaded shared library c:\Users\Owner\.antigravity\extensions\redhat.java-1.52.0-win32-x64\jre\21.0.9-win32-x86_64\bin\verify.dll
Event: 14.125 Loaded shared library C:\Users\Owner\AppData\Roaming\Antigravity\User\globalStorage\redhat.java\1.52.0\config_win\org.eclipse.equinox.launcher\org.eclipse.equinox.launcher.win32.win32.x86_64_1.2.1500.v20260121-1430\eclipse_11919.dll
Event: 25.668 Loaded shared library C:\Users\Owner\.antigravity\extensions\redhat.java-1.52.0-win32-x64\jre\21.0.9-win32-x86_64\bin\management.dll
Event: 25.673 Loaded shared library C:\Users\Owner\.antigravity\extensions\redhat.java-1.52.0-win32-x64\jre\21.0.9-win32-x86_64\bin\management_ext.dll

Deoptimization events (20 events):
Event: 32.073 Thread 0x000001930e4496a0 Uncommon trap: trap_request=0xffffff45 fr.pc=0x00000192ba15d8b0 relative=0x00000000000009d0
Event: 32.073 Thread 0x000001930e4496a0 Uncommon trap: reason=unstable_if action=reinterpret pc=0x00000192ba15d8b0 method=java.io.BufferedInputStream.implRead([BII)I @ 30 c2
Event: 32.073 Thread 0x000001930e4496a0 DEOPT PACKING pc=0x00000192ba15d8b0 sp=0x0000001a7b8fe5f0
Event: 32.073 Thread 0x000001930e4496a0 DEOPT UNPACKING pc=0x00000192b9a73aa2 sp=0x0000001a7b8fe548 mode 2
Event: 32.074 Thread 0x000001930e4496a0 Uncommon trap: trap_request=0xffffffde fr.pc=0x00000192ba1fed4c relative=0x000000000000010c
Event: 32.074 Thread 0x000001930e4496a0 Uncommon trap: reason=class_check action=maybe_recompile pc=0x00000192ba1fed4c method=java.lang.Character.codePointAt(Ljava/lang/CharSequence;I)I @ 2 c2
Event: 32.074 Thread 0x000001930e4496a0 DEOPT PACKING pc=0x00000192ba1fed4c sp=0x0000001a7b8fe440
Event: 32.074 Thread 0x000001930e4496a0 DEOPT UNPACKING pc=0x00000192b9a73aa2 sp=0x0000001a7b8fe3c8 mode 2
Event: 32.074 Thread 0x000001930e4496a0 Uncommon trap: trap_request=0xffffffde fr.pc=0x00000192ba1fed4c relative=0x000000000000010c
Event: 32.074 Thread 0x000001930e4496a0 Uncommon trap: reason=class_check action=maybe_recompile pc=0x00000192ba1fed4c method=java.lang.Character.codePointAt(Ljava/lang/CharSequence;I)I @ 2 c2
Event: 32.074 Thread 0x000001930e4496a0 DEOPT PACKING pc=0x00000192ba1fed4c sp=0x0000001a7b8fe440
Event: 32.074 Thread 0x000001930e4496a0 DEOPT UNPACKING pc=0x00000192b9a73aa2 sp=0x0000001a7b8fe3c8 mode 2
Event: 32.074 Thread 0x000001930e4496a0 Uncommon trap: trap_request=0xffffffde fr.pc=0x00000192ba1fed4c relative=0x000000000000010c
Event: 32.074 Thread 0x000001930e4496a0 Uncommon trap: reason=class_check action=maybe_recompile pc=0x00000192ba1fed4c method=java.lang.Character.codePointAt(Ljava/lang/CharSequence;I)I @ 2 c2
Event: 32.074 Thread 0x000001930e4496a0 DEOPT PACKING pc=0x00000192ba1fed4c sp=0x0000001a7b8fe440
Event: 32.074 Thread 0x000001930e4496a0 DEOPT UNPACKING pc=0x00000192b9a73aa2 sp=0x0000001a7b8fe3c8 mode 2
Event: 32.074 Thread 0x000001930e4496a0 Uncommon trap: trap_request=0xffffffde fr.pc=0x00000192ba1fed4c relative=0x000000000000010c
Event: 32.074 Thread 0x000001930e4496a0 Uncommon trap: reason=class_check action=maybe_recompile pc=0x00000192ba1fed4c method=java.lang.Character.codePointAt(Ljava/lang/CharSequence;I)I @ 2 c2
Event: 32.074 Thread 0x000001930e4496a0 DEOPT PACKING pc=0x00000192ba1fed4c sp=0x0000001a7b8fe440
Event: 32.074 Thread 0x000001930e4496a0 DEOPT UNPACKING pc=0x00000192b9a73aa2 sp=0x0000001a7b8fe3c8 mode 2

Classes loaded (20 events):
Event: 32.039 Loading class jdk/internal/access/JavaIOPrintWriterAccess done
Event: 32.039 Loading class java/io/PrintWriter$1 done
Event: 32.039 Loading class java/lang/Throwable$WrappedPrintWriter
Event: 32.039 Loading class java/lang/Throwable$PrintStreamOrWriter
Event: 32.039 Loading class java/lang/Throwable$PrintStreamOrWriter done
Event: 32.039 Loading class java/lang/Throwable$WrappedPrintWriter done
Event: 32.040 Loading class java/io/FileOutputStream$1
Event: 32.040 Loading class java/io/FileOutputStream$1 done
Event: 32.050 Loading class java/lang/invoke/MethodHandleImpl$CountingWrapper
Event: 32.051 Loading class java/lang/invoke/MethodHandleImpl$CountingWrapper done
Event: 32.073 Loading class java/io/FileReader
Event: 32.073 Loading class java/io/FileReader done
Event: 32.116 Loading class java/util/concurrent/atomic/AtomicReferenceFieldUpdater
Event: 32.117 Loading class java/util/concurrent/atomic/AtomicReferenceFieldUpdater done
Event: 32.117 Loading class java/util/concurrent/atomic/AtomicReferenceFieldUpdater$AtomicReferenceFieldUpdaterImpl
Event: 32.117 Loading class java/util/concurrent/atomic/AtomicReferenceFieldUpdater$AtomicReferenceFieldUpdaterImpl done
Event: 32.117 Loading class java/util/concurrent/atomic/AtomicReferenceFieldUpdater$AtomicReferenceFieldUpdaterImpl$1
Event: 32.117 Loading class java/util/concurrent/atomic/AtomicReferenceFieldUpdater$AtomicReferenceFieldUpdaterImpl$1 done
Event: 32.117 Loading class sun/reflect/misc/ReflectUtil
Event: 32.118 Loading class sun/reflect/misc/ReflectUtil done

Classes unloaded (7 events):
Event: 29.605 Thread 0x00000192add60ce0 Unloading class 0x00000192c81b3000 'java/lang/invoke/LambdaForm$MH+0x00000192c81b3000'
Event: 29.605 Thread 0x00000192add60ce0 Unloading class 0x00000192c81b2c00 'java/lang/invoke/LambdaForm$MH+0x00000192c81b2c00'
Event: 29.605 Thread 0x00000192add60ce0 Unloading class 0x00000192c81b2800 'java/lang/invoke/LambdaForm$MH+0x00000192c81b2800'
Event: 29.605 Thread 0x00000192add60ce0 Unloading class 0x00000192c81b2400 'java/lang/invoke/LambdaForm$MH+0x00000192c81b2400'
Event: 29.605 Thread 0x00000192add60ce0 Unloading class 0x00000192c81b2000 'java/lang/invoke/LambdaForm$BMH+0x00000192c81b2000'
Event: 29.605 Thread 0x00000192add60ce0 Unloading class 0x00000192c81b1c00 'java/lang/invoke/LambdaForm$DMH+0x00000192c81b1c00'
Event: 29.605 Thread 0x00000192add60ce0 Unloading class 0x00000192c81b0800 'java/lang/invoke/LambdaForm$DMH+0x00000192c81b0800'

Classes redefined (0 events):
No events

Internal exceptions (20 events):
Event: 32.030 Thread 0x000001930d77a9e0 Exception <a 'java/lang/OutOfMemoryError'{0x00000000d5ce2820}> (0x00000000d5ce2820) 
thrown [s\src\hotspot\share\prims\jni.cpp, line 539]
Event: 32.032 Thread 0x000001930d77a9e0 Exception <a 'java/io/FileNotFoundException'{0x00000000d5ceb6d0}> (0x00000000d5ceb6d0) 
thrown [s\src\hotspot\share\prims\jni.cpp, line 520]
Event: 32.034 Thread 0x000001930e446f40 Exception <a 'java/lang/NoSuchMethodError'{0x00000000d6022dc0}: 'java.lang.Object java.lang.invoke.DirectMethodHandle$Holder.invokeStaticInit(java.lang.Object, java.lang.Object, java.lang.Object, java.lang.Object, java.lang.Object, java.lang.Object, java.lang.Object)'> (0x00000000d6022dc0) 
thrown [s\src\hotspot\share\interpreter\linkResolver.cpp, line 773]
Event: 32.034 Thread 0x000001930e446f40 Exception <a 'java/lang/NoSuchMethodError'{0x00000000d602ee20}: 'java.lang.Object java.lang.invoke.Invokers$Holder.invoke_MT(java.lang.Object, java.lang.Object, java.lang.Object, java.lang.Object, java.lang.Object, java.lang.Object, java.lang.Object, java.lang.Object, java.lang.Object)'> (0x00000000d602ee20) 
thrown [s\src\hotspot\share\interpreter\linkResolver.cpp, line 773]
Event: 32.039 Thread 0x000001930e446f40 Exception <a 'java/lang/NoSuchMethodError'{0x00000000d611b2c8}: 'int java.lang.invoke.DirectMethodHandle$Holder.invokeVirtual(java.lang.Object, java.lang.Object, java.lang.Object)'> (0x00000000d611b2c8) 
thrown [s\src\hotspot\share\interpreter\linkResolver.cpp, line 773]
Event: 32.039 Thread 0x000001930e446f40 Exception <a 'java/lang/NoSuchMethodError'{0x00000000d61354c8}: 'int java.lang.invoke.DirectMethodHandle$Holder.invokeStaticInit(java.lang.Object, int, int)'> (0x00000000d61354c8) 
thrown [s\src\hotspot\share\interpreter\linkResolver.cpp, line 773]
Event: 32.040 Thread 0x000001930e446f40 Exception <a 'java/lang/NoSuchMethodError'{0x00000000d6166ee0}: 'int java.lang.invoke.DirectMethodHandle$Holder.invokeStaticInit(java.lang.Object, long, long)'> (0x00000000d6166ee0) 
thrown [s\src\hotspot\share\interpreter\linkResolver.cpp, line 773]
Event: 32.040 Thread 0x000001930e446f40 Exception <a 'java/lang/NoSuchMethodError'{0x00000000d6171888}: 'int java.lang.invoke.DirectMethodHandle$Holder.invokeStaticInit(java.lang.Object, float, float)'> (0x00000000d6171888) 
thrown [s\src\hotspot\share\interpreter\linkResolver.cpp, line 773]
Event: 32.041 Thread 0x000001930e446f40 Exception <a 'java/lang/NoSuchMethodError'{0x00000000d6180b60}: 'int java.lang.invoke.DirectMethodHandle$Holder.invokeStaticInit(java.lang.Object, double, double)'> (0x00000000d6180b60) 
thrown [s\src\hotspot\share\interpreter\linkResolver.cpp, line 773]
Event: 32.041 Thread 0x000001930e446f40 Exception <a 'java/lang/NoSuchMethodError'{0x00000000d61850b8}: 'int java.lang.invoke.DirectMethodHandle$Holder.invokeStatic(java.lang.Object, long)'> (0x00000000d61850b8) 
thrown [s\src\hotspot\share\interpreter\linkResolver.cpp, line 773]
Event: 32.045 Thread 0x000001930e446f40 Exception <a 'java/lang/NoSuchMethodError'{0x00000000d620c768}: 'int java.lang.invoke.DirectMethodHandle$Holder.invokeSpecial(java.lang.Object, java.lang.Object, int, int)'> (0x00000000d620c768) 
thrown [s\src\hotspot\share\interpreter\linkResolver.cpp, line 773]
Event: 32.045 Thread 0x000001930e4496a0 Exception <a 'java/lang/NoSuchMethodError'{0x00000000d620f370}: 'int java.lang.invoke.DirectMethodHandle$Holder.invokeSpecial(java.lang.Object, java.lang.Object, int, int)'> (0x00000000d620f370) 
thrown [s\src\hotspot\share\interpreter\linkResolver.cpp, line 773]
Event: 32.046 Thread 0x000001930e446f40 Exception <a 'java/lang/NoSuchMethodError'{0x00000000d6229ca8}: 'int java.lang.invoke.Invokers$Holder.linkToTargetMethod(java.lang.Object, java.lang.Object)'> (0x00000000d6229ca8) 
thrown [s\src\hotspot\share\interpreter\linkResolver.cpp, line 773]
Event: 32.046 Thread 0x000001930e4496a0 Exception <a 'java/lang/NoSuchMethodError'{0x00000000d622aeb8}: 'int java.lang.invoke.Invokers$Holder.linkToTargetMethod(java.lang.Object, java.lang.Object)'> (0x00000000d622aeb8) 
thrown [s\src\hotspot\share\interpreter\linkResolver.cpp, line 773]
Event: 32.047 Thread 0x000001930e446f40 Exception <a 'java/lang/NoSuchMethodError'{0x00000000d6261988}: 'int java.lang.invoke.DirectMethodHandle$Holder.invokeSpecial(java.lang.Object, java.lang.Object, java.lang.Object, java.lang.Object)'> (0x00000000d6261988) 
thrown [s\src\hotspot\share\interpreter\linkResolver.cpp, line 773]
Event: 32.049 Thread 0x000001930e446f40 Exception <a 'java/lang/NoSuchMethodError'{0x00000000d6282470}: 'java.lang.Object java.lang.invoke.DirectMethodHandle$Holder.invokeStatic(java.lang.Object, int, java.lang.Object, java.lang.Object)'> (0x00000000d6282470) 
thrown [s\src\hotspot\share\interpreter\linkResolver.cpp, line 773]
Event: 32.050 Thread 0x000001930e446f40 Exception <a 'java/lang/NoSuchMethodError'{0x00000000d6285ed0}: 'java.lang.Object java.lang.invoke.DelegatingMethodHandle$Holder.delegate(java.lang.Object, int, java.lang.Object, java.lang.Object)'> (0x00000000d6285ed0) 
thrown [s\src\hotspot\share\interpreter\linkResolver.cpp, line 773]
Event: 32.052 Thread 0x000001930e446f40 Exception <a 'java/lang/NoSuchMethodError'{0x00000000d62a9408}: 'int java.lang.invoke.Invokers$Holder.linkToTargetMethod(java.lang.Object, java.lang.Object, java.lang.Object)'> (0x00000000d62a9408) 
thrown [s\src\hotspot\share\interpreter\linkResolver.cpp, line 773]
Event: 32.079 Thread 0x000001930d77a9e0 Exception <a 'java/io/FileNotFoundException'{0x00000000d56219b0}> (0x00000000d56219b0) 
thrown [s\src\hotspot\share\prims\jni.cpp, line 520]
Event: 32.101 Thread 0x000001930e4496a0 Exception <a 'java/lang/NoSuchMethodError'{0x00000000d5794ed8}: 'java.lang.Object java.lang.invoke.DirectMethodHandle$Holder.invokeSpecialIFC(java.lang.Object, java.lang.Object, java.lang.Object, java.lang.Object)'> (0x00000000d5794ed8) 
thrown [s\src\hotspot\share\interpreter\linkResolver.cpp, line 773]

ZGC Phase Switch (0 events):
No events

VM Operations (20 events):
Event: 25.949 Executing VM operation: ParallelGCFailedAllocation (Allocation Failure)
Event: 25.955 Executing VM operation: ParallelGCFailedAllocation (Allocation Failure) done
Event: 26.966 Executing VM operation: Cleanup
Event: 26.966 Executing VM operation: Cleanup done
Event: 28.975 Executing VM operation: Cleanup
Event: 28.975 Executing VM operation: Cleanup done
Event: 29.490 Executing VM operation: ParallelGCFailedAllocation (Allocation Failure)
Event: 29.494 Executing VM operation: ParallelGCFailedAllocation (Allocation Failure) done
Event: 29.596 Executing VM operation: CollectForMetadataAllocation (Metadata GC Threshold)
Event: 29.640 Executing VM operation: CollectForMetadataAllocation (Metadata GC Threshold) done
Event: 29.913 Executing VM operation: ParallelGCFailedAllocation (Allocation Failure)
Event: 29.914 Executing VM operation: ParallelGCFailedAllocation (Allocation Failure) done
Event: 30.915 Executing VM operation: Cleanup
Event: 32.030 Executing VM operation: Cleanup done
Event: 32.053 Executing VM operation: HandshakeAllThreads (Deoptimize)
Event: 32.063 Executing VM operation: HandshakeAllThreads (Deoptimize) done
Event: 32.075 Executing VM operation: ParallelGCFailedAllocation (Allocation Failure)
Event: 32.077 Executing VM operation: ParallelGCFailedAllocation (Allocation Failure) done
Event: 34.076 Executing VM operation: Cleanup
Event: 34.076 Executing VM operation: Cleanup done

Memory protections (0 events):
No events

Nmethod flushes (0 events):
No events

Events (20 events):
Event: 24.310 Thread 0x000001930df1c3d0 Thread exited: 0x000001930df1c3d0
Event: 24.314 Thread 0x000001930e256f20 Thread exited: 0x000001930e256f20
Event: 24.314 Thread 0x000001930e641b30 Thread exited: 0x000001930e641b30
Event: 24.315 Thread 0x000001930e640e10 Thread exited: 0x000001930e640e10
Event: 24.315 Thread 0x000001930dee5630 Thread exited: 0x000001930dee5630
Event: 24.774 Thread 0x00000192c636ed70 Thread added: 0x000001930da64670
Event: 24.946 Thread 0x000001930d77a9e0 Thread added: 0x000001930e449d30
Event: 25.319 Thread 0x00000192c636ed70 Thread added: 0x000001930e163790
Event: 25.487 Thread 0x000001930d77a9e0 Thread added: 0x000001930e448980
Event: 25.762 Thread 0x000001930d77a9e0 Thread added: 0x000001930e4496a0
Event: 25.780 Thread 0x000001930d77a9e0 Thread added: 0x000001930e446f40
Event: 28.152 Thread 0x000001930e163790 Thread exited: 0x000001930e163790
Event: 28.294 Thread 0x00000192c636ed70 Thread added: 0x000001930e5b9f70
Event: 29.147 Thread 0x000001930e5b9f70 Thread exited: 0x000001930e5b9f70
Event: 29.682 Thread 0x000001930da64670 Thread exited: 0x000001930da64670
Event: 29.702 Thread 0x00000192c636ed70 Thread added: 0x000001930db95100
Event: 29.832 Thread 0x000001930db95100 Thread exited: 0x000001930db95100
Event: 32.030 Thread 0x000001930e446f40 Thread added: 0x000001930e4468b0
Event: 32.031 Thread 0x000001930e4468b0 Thread added: 0x000001930e449010
Event: 32.095 Thread 0x00000192c636ed70 Thread added: 0x000001930f002d70


Dynamic libraries:
0x00007ff6a59c0000 - 0x00007ff6a59ce000 	c:\Users\Owner\.antigravity\extensions\redhat.java-1.52.0-win32-x64\jre\21.0.9-win32-x86_64\bin\java.exe
0x00007ff802d80000 - 0x00007ff802fe8000 	C:\WINDOWS\SYSTEM32\ntdll.dll
0x00007ff802bc0000 - 0x00007ff802c89000 	C:\WINDOWS\System32\KERNEL32.DLL
0x00007ff8002c0000 - 0x00007ff8006b1000 	C:\WINDOWS\System32\KERNELBASE.dll
0x00007ff8009d0000 - 0x00007ff800b1b000 	C:\WINDOWS\System32\ucrtbase.dll
0x00007fffd0eb0000 - 0x00007fffd0ec8000 	c:\Users\Owner\.antigravity\extensions\redhat.java-1.52.0-win32-x64\jre\21.0.9-win32-x86_64\bin\jli.dll
0x00007ff801c40000 - 0x00007ff801e06000 	C:\WINDOWS\System32\USER32.dll
0x00007ff8006c0000 - 0x00007ff8006e7000 	C:\WINDOWS\System32\win32u.dll
0x00007ff801fe0000 - 0x00007ff80200b000 	C:\WINDOWS\System32\GDI32.dll
0x00007fffff650000 - 0x00007fffff77b000 	C:\WINDOWS\System32\gdi32full.dll
0x00007ff8006f0000 - 0x00007ff800793000 	C:\WINDOWS\System32\msvcp_win.dll
0x00007fffe9630000 - 0x00007fffe964e000 	c:\Users\Owner\.antigravity\extensions\redhat.java-1.52.0-win32-x64\jre\21.0.9-win32-x86_64\bin\VCRUNTIME140.dll
0x00007fffea720000 - 0x00007fffea9b3000 	C:\WINDOWS\WinSxS\amd64_microsoft.windows.common-controls_6595b64144ccf1df_6.0.26100.7705_none_3e06597ae3363b04\COMCTL32.dll
0x00007ff800d20000 - 0x00007ff800dc9000 	C:\WINDOWS\System32\msvcrt.dll
0x00007ff8022d0000 - 0x00007ff802301000 	C:\WINDOWS\System32\IMM32.DLL
0x00007ffff8770000 - 0x00007ffff877c000 	c:\Users\Owner\.antigravity\extensions\redhat.java-1.52.0-win32-x64\jre\21.0.9-win32-x86_64\bin\vcruntime140_1.dll
0x00007fffb69f0000 - 0x00007fffb6a7d000 	c:\Users\Owner\.antigravity\extensions\redhat.java-1.52.0-win32-x64\jre\21.0.9-win32-x86_64\bin\msvcp140.dll
0x00007fff3eba0000 - 0x00007fff3f940000 	c:\Users\Owner\.antigravity\extensions\redhat.java-1.52.0-win32-x64\jre\21.0.9-win32-x86_64\bin\server\jvm.dll
0x00007ff802570000 - 0x00007ff802624000 	C:\WINDOWS\System32\ADVAPI32.dll
0x00007ff8024b0000 - 0x00007ff802556000 	C:\WINDOWS\System32\sechost.dll
0x00007ff801b20000 - 0x00007ff801c38000 	C:\WINDOWS\System32\RPCRT4.dll
0x00007ff802b40000 - 0x00007ff802bb4000 	C:\WINDOWS\System32\WS2_32.dll
0x00007fffff4d0000 - 0x00007fffff52e000 	C:\WINDOWS\SYSTEM32\POWRPROF.dll
0x00007fffec8a0000 - 0x00007fffec8d5000 	C:\WINDOWS\SYSTEM32\WINMM.dll
0x00007ffff53b0000 - 0x00007ffff53bb000 	C:\WINDOWS\SYSTEM32\VERSION.dll
0x00007fffff4b0000 - 0x00007fffff4c4000 	C:\WINDOWS\SYSTEM32\UMPDC.dll
0x00007ffffe3c0000 - 0x00007ffffe3db000 	C:\WINDOWS\SYSTEM32\kernel.appcore.dll
0x00007fffe9620000 - 0x00007fffe962a000 	c:\Users\Owner\.antigravity\extensions\redhat.java-1.52.0-win32-x64\jre\21.0.9-win32-x86_64\bin\jimage.dll
0x00007ffffd2d0000 - 0x00007ffffd512000 	C:\WINDOWS\SYSTEM32\DBGHELP.DLL
0x00007ff801740000 - 0x00007ff801ac6000 	C:\WINDOWS\System32\combase.dll
0x00007ff8021f0000 - 0x00007ff8022c7000 	C:\WINDOWS\System32\OLEAUT32.dll
0x00007fffe9d60000 - 0x00007fffe9d9b000 	C:\WINDOWS\SYSTEM32\dbgcore.DLL
0x00007ff800920000 - 0x00007ff8009c5000 	C:\WINDOWS\System32\bcryptPrimitives.dll
0x00007fffe92f0000 - 0x00007fffe92ff000 	c:\Users\Owner\.antigravity\extensions\redhat.java-1.52.0-win32-x64\jre\21.0.9-win32-x86_64\bin\instrument.dll
0x00007fffd0e70000 - 0x00007fffd0e90000 	c:\Users\Owner\.antigravity\extensions\redhat.java-1.52.0-win32-x64\jre\21.0.9-win32-x86_64\bin\java.dll
0x00007ff800fe0000 - 0x00007ff801731000 	C:\WINDOWS\System32\SHELL32.dll
0x00007ff8000c0000 - 0x00007ff80022a000 	C:\WINDOWS\System32\wintypes.dll
0x00007fffff780000 - 0x00007ffffffe2000 	C:\WINDOWS\System32\windows.storage.dll
0x00007ff801e10000 - 0x00007ff801f06000 	C:\WINDOWS\System32\SHCORE.dll
0x00007ff800dd0000 - 0x00007ff800e37000 	C:\WINDOWS\System32\shlwapi.dll
0x00007fffff540000 - 0x00007fffff569000 	C:\WINDOWS\SYSTEM32\profapi.dll
0x00007fffceda0000 - 0x00007fffcedb8000 	c:\Users\Owner\.antigravity\extensions\redhat.java-1.52.0-win32-x64\jre\21.0.9-win32-x86_64\bin\zip.dll
0x00007fffe6b90000 - 0x00007fffe6ba0000 	C:\Users\Owner\.antigravity\extensions\redhat.java-1.52.0-win32-x64\jre\21.0.9-win32-x86_64\bin\net.dll
0x00007ffff5200000 - 0x00007ffff5327000 	C:\WINDOWS\SYSTEM32\WINHTTP.dll
0x00007ffffe910000 - 0x00007ffffe97b000 	C:\WINDOWS\system32\mswsock.dll
0x00007fffceca0000 - 0x00007fffcecb6000 	C:\Users\Owner\.antigravity\extensions\redhat.java-1.52.0-win32-x64\jre\21.0.9-win32-x86_64\bin\nio.dll
0x00007fffd5ad0000 - 0x00007fffd5ae0000 	c:\Users\Owner\.antigravity\extensions\redhat.java-1.52.0-win32-x64\jre\21.0.9-win32-x86_64\bin\verify.dll
0x00007fffced50000 - 0x00007fffced95000 	C:\Users\Owner\AppData\Roaming\Antigravity\User\globalStorage\redhat.java\1.52.0\config_win\org.eclipse.equinox.launcher\org.eclipse.equinox.launcher.win32.win32.x86_64_1.2.1500.v20260121-1430\eclipse_11919.dll
0x00007ff802310000 - 0x00007ff8024a7000 	C:\WINDOWS\System32\ole32.dll
0x00007ffff8780000 - 0x00007ffff878a000 	C:\Users\Owner\.antigravity\extensions\redhat.java-1.52.0-win32-x64\jre\21.0.9-win32-x86_64\bin\management.dll
0x00007fffd55c0000 - 0x00007fffd55cc000 	C:\Users\Owner\.antigravity\extensions\redhat.java-1.52.0-win32-x64\jre\21.0.9-win32-x86_64\bin\management_ext.dll
0x00007ff802d30000 - 0x00007ff802d38000 	C:\WINDOWS\System32\PSAPI.DLL

JVMTI agents:
c:\Users\Owner\.antigravity\extensions\redhat.java-1.52.0-win32-x64\lombok\lombok-1.18.39-4050.jar path:c:\Users\Owner\.antigravity\extensions\redhat.java-1.52.0-win32-x64\jre\21.0.9-win32-x86_64\bin\instrument.dll, loaded, initialized, instrumentlib options:none

dbghelp: loaded successfully - version: 4.0.5 - missing functions: none
symbol engine: initialized successfully - sym options: 0x614 - pdb path: .;c:\Users\Owner\.antigravity\extensions\redhat.java-1.52.0-win32-x64\jre\21.0.9-win32-x86_64\bin;C:\WINDOWS\SYSTEM32;C:\WINDOWS\WinSxS\amd64_microsoft.windows.common-controls_6595b64144ccf1df_6.0.26100.7705_none_3e06597ae3363b04;c:\Users\Owner\.antigravity\extensions\redhat.java-1.52.0-win32-x64\jre\21.0.9-win32-x86_64\bin\server;C:\Users\Owner\AppData\Roaming\Antigravity\User\globalStorage\redhat.java\1.52.0\config_win\org.eclipse.equinox.launcher\org.eclipse.equinox.launcher.win32.win32.x86_64_1.2.1500.v20260121-1430

VM Arguments:
jvm_args: --add-modules=ALL-SYSTEM --add-opens=java.base/java.util=ALL-UNNAMED --add-opens=java.base/java.lang=ALL-UNNAMED --add-opens=java.base/sun.nio.fs=ALL-UNNAMED -Declipse.application=org.eclipse.jdt.ls.core.id1 -Dosgi.bundles.defaultStartLevel=4 -Declipse.product=org.eclipse.jdt.ls.core.product -Djava.import.generatesMetadataFilesAtProjectRoot=false -DDetectVMInstallationsJob.disabled=true -Dfile.encoding=utf8 -XX:+UseParallelGC -XX:GCTimeRatio=4 -XX:AdaptiveSizePolicyWeight=90 -Dsun.zip.disableMemoryMapping=true -Xmx2G -Xms100m -Xlog:disable -javaagent:c:\Users\Owner\.antigravity\extensions\redhat.java-1.52.0-win32-x64\lombok\lombok-1.18.39-4050.jar -XX:+HeapDumpOnOutOfMemoryError -XX:HeapDumpPath=c:\Users\Owner\AppData\Roaming\Antigravity\User\workspaceStorage\c445e6ab04de568cb92dee2c77a9187f\redhat.java -Daether.dependencyCollector.impl=bf 
java_command: c:\Users\Owner\.antigravity\extensions\redhat.java-1.52.0-win32-x64\server\plugins\org.eclipse.equinox.launcher_1.7.100.v20251111-0406.jar -configuration c:\Users\Owner\AppData\Roaming\Antigravity\User\globalStorage\redhat.java\1.52.0\config_win -data c:\Users\Owner\AppData\Roaming\Antigravity\User\workspaceStorage\c445e6ab04de568cb92dee2c77a9187f\redhat.java\jdt_ws --pipe=\\.\pipe\lsp-cbf584bd22f15d85cbfe6177b5da738b-sock
java_class_path (initial): c:\Users\Owner\.antigravity\extensions\redhat.java-1.52.0-win32-x64\server\plugins\org.eclipse.equinox.launcher_1.7.100.v20251111-0406.jar
Launcher Type: SUN_STANDARD

[Global flags]
    uintx AdaptiveSizePolicyWeight                 = 90                                        {product} {command line}
     intx CICompilerCount                          = 4                                         {product} {ergonomic}
    uintx GCTimeRatio                              = 4                                         {product} {command line}
     bool HeapDumpOnOutOfMemoryError               = true                                   {manageable} {command line}
    ccstr HeapDumpPath                             = c:\Users\Owner\AppData\Roaming\Antigravity\User\workspaceStorage\c445e6ab04de568cb92dee2c77a9187f\redhat.java         {manageable} {command line}
   size_t InitialHeapSize                          = 104857600                                 {product} {command line}
   size_t MaxHeapSize                              = 2147483648                                {product} {command line}
   size_t MaxNewSize                               = 715653120                                 {product} {ergonomic}
   size_t MinHeapDeltaBytes                        = 524288                                    {product} {ergonomic}
   size_t MinHeapSize                              = 104857600                                 {product} {command line}
   size_t NewSize                                  = 34603008                                  {product} {ergonomic}
    uintx NonNMethodCodeHeapSize                   = 5839372                                {pd product} {ergonomic}
    uintx NonProfiledCodeHeapSize                  = 122909434                              {pd product} {ergonomic}
   size_t OldSize                                  = 70254592                                  {product} {ergonomic}
    uintx ProfiledCodeHeapSize                     = 122909434                              {pd product} {ergonomic}
    uintx ReservedCodeCacheSize                    = 251658240                              {pd product} {ergonomic}
     bool SegmentedCodeCache                       = true                                      {product} {ergonomic}
   size_t SoftMaxHeapSize                          = 2147483648                             {manageable} {ergonomic}
     bool UseCompressedOops                        = true                           {product lp64_product} {ergonomic}
     bool UseLargePagesIndividualAllocation        = false                                  {pd product} {ergonomic}
     bool UseParallelGC                            = true                                      {product} {command line}

Logging:
Log output configuration:
 #0: stdout all=off uptime,level,tags foldmultilines=false
 #1: stderr all=off uptime,level,tags foldmultilines=false

Release file:
JAVA_VERSION="21.0.9" 
MODULES="java.base java.compiler java.datatransfer java.xml java.prefs java.desktop java.instrument java.logging java.management java.security.sasl java.naming java.rmi java.management.rmi java.net.http java.scripting java.security.jgss java.transaction.xa java.sql java.sql.rowset java.xml.crypto java.se java.smartcardio jdk.accessibility jdk.internal.jvmstat jdk.attach jdk.charsets jdk.internal.opt jdk.zipfs jdk.compiler jdk.crypto.ec jdk.crypto.cryptoki jdk.crypto.mscapi jdk.dynalink jdk.internal.ed jdk.editpad jdk.hotspot.agent jdk.httpserver jdk.internal.le jdk.internal.vm.ci jdk.internal.vm.compiler jdk.internal.vm.compiler.management jdk.jartool jdk.javadoc jdk.jcmd jdk.management jdk.management.agent jdk.jconsole jdk.jdeps jdk.jdwp.agent jdk.jdi jdk.jfr jdk.jshell jdk.jsobject jdk.jstatd jdk.localedata jdk.management.jfr jdk.naming.dns jdk.naming.rmi jdk.net jdk.nio.mapmode jdk.random jdk.sctp jdk.security.auth jdk.security.jgss jdk.unsupported jdk.unsupported.desktop jdk.xml.dom" 

Environment Variables:
JAVA_HOME=C:\Program Files\Microsoft\jdk-17.0.17.10-hotspot\
CLASSPATH=.;C:\Program Files (x86)\QuickTime\QTSystem\QTJava.zip
PATH=C:\Program Files\Go\bin;C:\Users\Owner\AppData\Local\cloud-code\installer\google-cloud-sdk\bin;;C:\Users\Owner\AppData\Local\Google\Cloud SDK\google-cloud-sdk\bin;C:\Program Files (x86)\Google\Cloud SDK\google-cloud-sdk\bin;C:\Program Files\Google\Cloud SDK\google-cloud-sdk\bin
USERNAME=Owner
OS=Windows_NT
PROCESSOR_IDENTIFIER=Intel64 Family 6 Model 142 Stepping 10, GenuineIntel
TMP=C:\Users\Owner\AppData\Local\Temp
TEMP=C:\Users\Owner\AppData\Local\Temp




Periodic native trim disabled

---------------  S Y S T E M  ---------------

OS:
 Windows 11 , 64 bit Build 26100 (10.0.26100.7705)
OS uptime: 1 days 1:12 hours
Hyper-V role detected

CPU: total 8 (initial active 8) (4 cores per cpu, 2 threads per core) family 6 model 142 stepping 10 microcode 0xf4, cx8, cmov, fxsr, ht, mmx, 3dnowpref, sse, sse2, sse3, ssse3, sse4.1, sse4.2, popcnt, lzcnt, tsc, tscinvbit, avx, avx2, aes, erms, clmul, bmi1, bmi2, adx, fma, vzeroupper, clflush, clflushopt, hv, rdtscp, f16c
Processor Information for the first 8 processors :
  Max Mhz: 2712, Current Mhz: 2712, Mhz Limit: 2712

Memory: 4k page, system-wide physical 16247M (2528M free)
TotalPageFile size 24247M (AvailPageFile size 269M)
current process WorkingSet (physical memory assigned to process): 168M, peak: 170M
current process commit charge ("private bytes"): 296M, peak: 298M

vm_info: OpenJDK 64-Bit Server VM (21.0.9+10-LTS) for windows-amd64 JRE (21.0.9+10-LTS), built on 2025-10-21T00:00:00Z by "admin" with unknown MS VC++:1942

END.
